sudo aptitude install ruby rubygems subversion ruby-pkg-tools ruby1.8-dev build-essential

rubygems maybe be too old, so do:
sudo gem update --system 

sudo gem install rails
sudo aptitude install sqlite3 libsqlite3-dev
sudo gem install sqlite3-ruby

rake db:migrate RAILS_ENV="production"
rake redmine:load_default_data RAILS_ENV="production"



----------- OR ----------------



$ sudo apt-get install ruby irb ri rdoc ruby1.8-dev libzlib-ruby libyaml-ruby libreadline-ruby libncurses-ruby libcurses-ruby libruby libruby-extras libfcgi-ruby1.8 build-essential libopenssl-ruby libdbm-ruby libdbi-ruby libdbd-sqlite3-ruby sqlite3 libsqlite3-dev libsqlite3-ruby libxml-ruby libxml2-dev


Find and download latest ruby gems, 1.3.5 maybe
$ tar -xvf rubygems-1.2.0.tgz 
$ cd rubygems-1.2.0/
$ ruby setup.rb
$ sudo ln -s /usr/bin/gem1.8 /usr/bin/gem (use this if /usr/bin/gem link is not created)

$ gem install rails

$ apt-get install apache2-threaded-dev 

$ gem install passenger

$ passenger-install-apache2-module 

8.Apache2 configuration changes:
$ cd /etc/apache2/sites-available/
$ sudo mv default default.bkp


-------- /etc/apache2/sites-available/default -----------
-------- configuration for only a single host -----------

LoadModule passenger_module /usr/lib/ruby/gems/1.8/gems/passenger-2.2.11/ext/apache2/mod_passenger.so
PassengerRoot /usr/lib/ruby/gems/1.8/gems/passenger-2.2.11
PassengerRuby /usr/bin/ruby1.8

RailsEnv production
#dont need below i think since this configuration is only for a single host 
#RailsBaseURI /redmine
NameVirtualHost *

ServerName  localhost

DocumentRoot /var/www/redmine/public

<Directory /var/www/redmine/public>
Options Indexes FollowSymLinks MultiViews
AllowOverride None
Order allow,deny
allow from all
</Directory>


ErrorLog /var/log/apache2/error.log

LogLevel warn

CustomLog /var/log/apache2/access.log combined
ServerSignature On


SUBMITING ISSUES BY EMAIL
log in as admin
go to admin > settings > incoming email
enable WS email and generate and copy key 
install postfix

# /etc/aliases
root:   robin
issue:  "|/var/www/redmine/extra/mail_handler/rdm-mailhandler.rb --url http://redmine.empiriamedia.com --key G93FmPu3SGVKjBPwuCXi --project autoritel"

# /etc/postfix/main.cf
alias_maps = hash:/etc/aliases # to forward local email to user
inet_interfaces = all # for remote access
virtual_alias_domains = redmine.empiriamedia.com # to forward remote email
virtual_alias_maps = hash:/etc/postfix/virtual # to forward remote email
transport_maps = hash:/etc/postfix/transport # explained in Redmine Receiving Emails 

# /etc/postfix/virtual
issue@redmine.empiriamedia.com issue

# /etc/postfix/transport
issue@redmine.empiriamedia.com local:

# REMEMBER TO DO THE FOLLOWING !!
# as root

newaliases # updates /etc/aliases
postmap virtual # convert to a readable format for postfix
postmap transport # convert to a readable format for postfix

sudo /etc/init.d/postfix restart


# virtual.db and transport.db will be created and make sure they are inside /etc/postfix/

REFERENCE
https://help.ubuntu.com/community/PostfixBasicSetupHowto
http://www.redmine.org/projects/redmine/wiki/RedmineReceivingEmails
